Archive member included because of file (symbol)

c:/freescale/kds_v3/toolchain/bin/../lib/gcc/arm-none-eabi/4.8.4/../../../../arm-none-eabi/lib/armv7e-m\libg_s.a(lib_a-exit.o)
                              c:/freescale/kds_v3/toolchain/bin/../lib/gcc/arm-none-eabi/4.8.4/../../../../arm-none-eabi/lib/armv7e-m/crt0.o (exit)
c:/freescale/kds_v3/toolchain/bin/../lib/gcc/arm-none-eabi/4.8.4/../../../../arm-none-eabi/lib/armv7e-m\libg_s.a(lib_a-impure.o)
                              c:/freescale/kds_v3/toolchain/bin/../lib/gcc/arm-none-eabi/4.8.4/../../../../arm-none-eabi/lib/armv7e-m\libg_s.a(lib_a-exit.o) (_global_impure_ptr)
c:/freescale/kds_v3/toolchain/bin/../lib/gcc/arm-none-eabi/4.8.4/../../../../arm-none-eabi/lib/armv7e-m\libg_s.a(lib_a-init.o)
                              c:/freescale/kds_v3/toolchain/bin/../lib/gcc/arm-none-eabi/4.8.4/../../../../arm-none-eabi/lib/armv7e-m/crt0.o (__libc_init_array)
c:/freescale/kds_v3/toolchain/bin/../lib/gcc/arm-none-eabi/4.8.4/../../../../arm-none-eabi/lib/armv7e-m\libg_s.a(lib_a-memset.o)
                              c:/freescale/kds_v3/toolchain/bin/../lib/gcc/arm-none-eabi/4.8.4/../../../../arm-none-eabi/lib/armv7e-m/crt0.o (memset)
c:/freescale/kds_v3/toolchain/bin/../lib/gcc/arm-none-eabi/4.8.4/../../../../arm-none-eabi/lib/armv7e-m\libnosys.a(_exit.o)
                              c:/freescale/kds_v3/toolchain/bin/../lib/gcc/arm-none-eabi/4.8.4/../../../../arm-none-eabi/lib/armv7e-m\libg_s.a(lib_a-exit.o) (_exit)

Allocating common symbols
Common symbol       size              file

SR_reg              0x1               ./Generated_Code/Cpu.o

Discarded input sections

 .text          0x00000000        0x0 c:/freescale/kds_v3/toolchain/bin/../lib/gcc/arm-none-eabi/4.8.4/armv7e-m/crti.o
 .data          0x00000000        0x0 c:/freescale/kds_v3/toolchain/bin/../lib/gcc/arm-none-eabi/4.8.4/armv7e-m/crti.o
 .bss           0x00000000        0x0 c:/freescale/kds_v3/toolchain/bin/../lib/gcc/arm-none-eabi/4.8.4/armv7e-m/crti.o
 .data          0x00000000        0x4 c:/freescale/kds_v3/toolchain/bin/../lib/gcc/arm-none-eabi/4.8.4/armv7e-m/crtbegin.o
 .data          0x00000000        0x0 c:/freescale/kds_v3/toolchain/bin/../lib/gcc/arm-none-eabi/4.8.4/../../../../arm-none-eabi/lib/armv7e-m/crt0.o
 .bss           0x00000000        0x0 c:/freescale/kds_v3/toolchain/bin/../lib/gcc/arm-none-eabi/4.8.4/../../../../arm-none-eabi/lib/armv7e-m/crt0.o
 .ARM.extab     0x00000000        0x0 c:/freescale/kds_v3/toolchain/bin/../lib/gcc/arm-none-eabi/4.8.4/../../../../arm-none-eabi/lib/armv7e-m/crt0.o
 .group         0x00000000        0x8 ./Sources/Events.o
 .group         0x00000000        0x8 ./Sources/Events.o
 .group         0x00000000        0x8 ./Sources/Events.o
 .group         0x00000000        0x8 ./Sources/Events.o
 .group         0x00000000        0x8 ./Sources/Events.o
 .group         0x00000000        0x8 ./Sources/Events.o
 .group         0x00000000        0x8 ./Sources/Events.o
 .group         0x00000000        0x8 ./Sources/Events.o
 .group         0x00000000        0x8 ./Sources/Events.o
 .group         0x00000000        0x8 ./Sources/Events.o
 .group         0x00000000        0x8 ./Sources/Events.o
 .group         0x00000000        0x8 ./Sources/Events.o
 .group         0x00000000        0x8 ./Sources/Events.o
 .group         0x00000000        0x8 ./Sources/Events.o
 .group         0x00000000        0x8 ./Sources/Events.o
 .group         0x00000000        0x8 ./Sources/Events.o
 .group         0x00000000        0x8 ./Sources/Events.o
 .group         0x00000000        0x8 ./Sources/Events.o
 .text          0x00000000        0x0 ./Sources/Events.o
 .data          0x00000000        0x0 ./Sources/Events.o
 .bss           0x00000000        0x0 ./Sources/Events.o
 .group         0x00000000        0x8 ./Sources/main.o
 .group         0x00000000        0x8 ./Sources/main.o
 .group         0x00000000        0x8 ./Sources/main.o
 .group         0x00000000        0x8 ./Sources/main.o
 .group         0x00000000        0x8 ./Sources/main.o
 .group         0x00000000        0x8 ./Sources/main.o
 .group         0x00000000        0x8 ./Sources/main.o
 .group         0x00000000        0x8 ./Sources/main.o
 .group         0x00000000        0x8 ./Sources/main.o
 .group         0x00000000        0x8 ./Sources/main.o
 .group         0x00000000        0x8 ./Sources/main.o
 .group         0x00000000        0x8 ./Sources/main.o
 .group         0x00000000        0x8 ./Sources/main.o
 .group         0x00000000        0x8 ./Sources/main.o
 .group         0x00000000        0x8 ./Sources/main.o
 .group         0x00000000        0x8 ./Sources/main.o
 .group         0x00000000        0x8 ./Sources/main.o
 .group         0x00000000        0x8 ./Sources/main.o
 .text          0x00000000        0x0 ./Sources/main.o
 .data          0x00000000        0x0 ./Sources/main.o
 .bss           0x00000000        0x0 ./Sources/main.o
 .debug_macro   0x00000000      0x84a ./Sources/main.o
 .debug_macro   0x00000000       0x16 ./Sources/main.o
 .debug_macro   0x00000000       0x44 ./Sources/main.o
 .debug_macro   0x00000000      0x209 ./Sources/main.o
 .debug_macro   0x00000000     0x1672 ./Sources/main.o
 .debug_macro   0x00000000      0x14e ./Sources/main.o
 .debug_macro   0x00000000       0x6a ./Sources/main.o
 .debug_macro   0x00000000     0x9b9f ./Sources/main.o
 .debug_macro   0x00000000       0x94 ./Sources/main.o
 .debug_macro   0x00000000       0x94 ./Sources/main.o
 .debug_macro   0x00000000      0x12c ./Sources/main.o
 .debug_macro   0x00000000       0x40 ./Sources/main.o
 .debug_macro   0x00000000       0x1f ./Sources/main.o
 .debug_macro   0x00000000       0x46 ./Sources/main.o
 .debug_macro   0x00000000       0x1f ./Sources/main.o
 .debug_macro   0x00000000       0x46 ./Sources/main.o
 .debug_macro   0x00000000       0x1f ./Sources/main.o
 .debug_macro   0x00000000       0x34 ./Sources/main.o
 .group         0x00000000        0x8 ./Project_Settings/Startup_Code/startup.o
 .group         0x00000000        0x8 ./Project_Settings/Startup_Code/startup.o
 .group         0x00000000        0x8 ./Project_Settings/Startup_Code/startup.o
 .group         0x00000000        0x8 ./Project_Settings/Startup_Code/startup.o
 .group         0x00000000        0x8 ./Project_Settings/Startup_Code/startup.o
 .group         0x00000000        0x8 ./Project_Settings/Startup_Code/startup.o
 .group         0x00000000        0x8 ./Project_Settings/Startup_Code/startup.o
 .group         0x00000000        0x8 ./Project_Settings/Startup_Code/startup.o
 .group         0x00000000        0x8 ./Project_Settings/Startup_Code/startup.o
 .group         0x00000000        0x8 ./Project_Settings/Startup_Code/startup.o
 .group         0x00000000        0x8 ./Project_Settings/Startup_Code/startup.o
 .group         0x00000000        0x8 ./Project_Settings/Startup_Code/startup.o
 .group         0x00000000        0x8 ./Project_Settings/Startup_Code/startup.o
 .group         0x00000000        0x8 ./Project_Settings/Startup_Code/startup.o
 .group         0x00000000        0x8 ./Project_Settings/Startup_Code/startup.o
 .group         0x00000000        0x8 ./Project_Settings/Startup_Code/startup.o
 .group         0x00000000        0x8 ./Project_Settings/Startup_Code/startup.o
 .group         0x00000000        0x8 ./Project_Settings/Startup_Code/startup.o
 .group         0x00000000        0x8 ./Project_Settings/Startup_Code/startup.o
 .text          0x00000000        0x0 ./Project_Settings/Startup_Code/startup.o
 .data          0x00000000        0x0 ./Project_Settings/Startup_Code/startup.o
 .bss           0x00000000        0x0 ./Project_Settings/Startup_Code/startup.o
 .text.__init_hardware
                0x00000000        0xc ./Project_Settings/Startup_Code/startup.o
 .text.__iar_program_start
                0x00000000        0xc ./Project_Settings/Startup_Code/startup.o
 .debug_macro   0x00000000      0x84a ./Project_Settings/Startup_Code/startup.o
 .debug_macro   0x00000000       0x16 ./Project_Settings/Startup_Code/startup.o
 .group         0x00000000        0x8 ./Generated_Code/BitIoLdd1.o
 .group         0x00000000        0x8 ./Generated_Code/BitIoLdd1.o
 .group         0x00000000        0x8 ./Generated_Code/BitIoLdd1.o
 .group         0x00000000        0x8 ./Generated_Code/BitIoLdd1.o
 .group         0x00000000        0x8 ./Generated_Code/BitIoLdd1.o
 .group         0x00000000        0x8 ./Generated_Code/BitIoLdd1.o
 .group         0x00000000        0x8 ./Generated_Code/BitIoLdd1.o
 .group         0x00000000        0x8 ./Generated_Code/BitIoLdd1.o
 .group         0x00000000        0x8 ./Generated_Code/BitIoLdd1.o
 .group         0x00000000        0x8 ./Generated_Code/BitIoLdd1.o
 .group         0x00000000        0x8 ./Generated_Code/BitIoLdd1.o
 .group         0x00000000        0x8 ./Generated_Code/BitIoLdd1.o
 .text          0x00000000        0x0 ./Generated_Code/BitIoLdd1.o
 .data          0x00000000        0x0 ./Generated_Code/BitIoLdd1.o
 .bss           0x00000000        0x0 ./Generated_Code/BitIoLdd1.o
 .text.BitIoLdd1_GetVal
                0x00000000       0x30 ./Generated_Code/BitIoLdd1.o
 .text.BitIoLdd1_PutVal
                0x00000000       0x30 ./Generated_Code/BitIoLdd1.o
 .text.BitIoLdd1_ClrVal
                0x00000000       0x1c ./Generated_Code/BitIoLdd1.o
 .text.BitIoLdd1_SetVal
                0x00000000       0x1c ./Generated_Code/BitIoLdd1.o
 .debug_macro   0x00000000      0x84a ./Generated_Code/BitIoLdd1.o
 .debug_macro   0x00000000       0x16 ./Generated_Code/BitIoLdd1.o
 .debug_macro   0x00000000       0x44 ./Generated_Code/BitIoLdd1.o
 .debug_macro   0x00000000      0x209 ./Generated_Code/BitIoLdd1.o
 .debug_macro   0x00000000     0x1672 ./Generated_Code/BitIoLdd1.o
 .debug_macro   0x00000000      0x14e ./Generated_Code/BitIoLdd1.o
 .debug_macro   0x00000000       0x6a ./Generated_Code/BitIoLdd1.o
 .debug_macro   0x00000000     0x9b9f ./Generated_Code/BitIoLdd1.o
 .debug_macro   0x00000000       0x94 ./Generated_Code/BitIoLdd1.o
 .debug_macro   0x00000000      0x12c ./Generated_Code/BitIoLdd1.o
 .debug_macro   0x00000000       0x40 ./Generated_Code/BitIoLdd1.o
 .group         0x00000000        0x8 ./Generated_Code/BitIoLdd2.o
 .group         0x00000000        0x8 ./Generated_Code/BitIoLdd2.o
 .group         0x00000000        0x8 ./Generated_Code/BitIoLdd2.o
 .group         0x00000000        0x8 ./Generated_Code/BitIoLdd2.o
 .group         0x00000000        0x8 ./Generated_Code/BitIoLdd2.o
 .group         0x00000000        0x8 ./Generated_Code/BitIoLdd2.o
 .group         0x00000000        0x8 ./Generated_Code/BitIoLdd2.o
 .group         0x00000000        0x8 ./Generated_Code/BitIoLdd2.o
 .group         0x00000000        0x8 ./Generated_Code/BitIoLdd2.o
 .group         0x00000000        0x8 ./Generated_Code/BitIoLdd2.o
 .group         0x00000000        0x8 ./Generated_Code/BitIoLdd2.o
 .group         0x00000000        0x8 ./Generated_Code/BitIoLdd2.o
 .text          0x00000000        0x0 ./Generated_Code/BitIoLdd2.o
 .data          0x00000000        0x0 ./Generated_Code/BitIoLdd2.o
 .bss           0x00000000        0x0 ./Generated_Code/BitIoLdd2.o
 .text.BitIoLdd2_GetVal
                0x00000000       0x30 ./Generated_Code/BitIoLdd2.o
 .text.BitIoLdd2_PutVal
                0x00000000       0x30 ./Generated_Code/BitIoLdd2.o
 .text.BitIoLdd2_ClrVal
                0x00000000       0x1c ./Generated_Code/BitIoLdd2.o
 .text.BitIoLdd2_SetVal
                0x00000000       0x1c ./Generated_Code/BitIoLdd2.o
 .debug_macro   0x00000000      0x84a ./Generated_Code/BitIoLdd2.o
 .debug_macro   0x00000000       0x16 ./Generated_Code/BitIoLdd2.o
 .debug_macro   0x00000000       0x44 ./Generated_Code/BitIoLdd2.o
 .debug_macro   0x00000000      0x209 ./Generated_Code/BitIoLdd2.o
 .debug_macro   0x00000000     0x1672 ./Generated_Code/BitIoLdd2.o
 .debug_macro   0x00000000      0x14e ./Generated_Code/BitIoLdd2.o
 .debug_macro   0x00000000       0x6a ./Generated_Code/BitIoLdd2.o
 .debug_macro   0x00000000     0x9b9f ./Generated_Code/BitIoLdd2.o
 .debug_macro   0x00000000       0x94 ./Generated_Code/BitIoLdd2.o
 .debug_macro   0x00000000      0x12c ./Generated_Code/BitIoLdd2.o
 .debug_macro   0x00000000       0x9a ./Generated_Code/BitIoLdd2.o
 .group         0x00000000        0x8 ./Generated_Code/BitIoLdd3.o
 .group         0x00000000        0x8 ./Generated_Code/BitIoLdd3.o
 .group         0x00000000        0x8 ./Generated_Code/BitIoLdd3.o
 .group         0x00000000        0x8 ./Generated_Code/BitIoLdd3.o
 .group         0x00000000        0x8 ./Generated_Code/BitIoLdd3.o
 .group         0x00000000        0x8 ./Generated_Code/BitIoLdd3.o
 .group         0x00000000        0x8 ./Generated_Code/BitIoLdd3.o
 .group         0x00000000        0x8 ./Generated_Code/BitIoLdd3.o
 .group         0x00000000        0x8 ./Generated_Code/BitIoLdd3.o
 .group         0x00000000        0x8 ./Generated_Code/BitIoLdd3.o
 .group         0x00000000        0x8 ./Generated_Code/BitIoLdd3.o
 .group         0x00000000        0x8 ./Generated_Code/BitIoLdd3.o
 .text          0x00000000        0x0 ./Generated_Code/BitIoLdd3.o
 .data          0x00000000        0x0 ./Generated_Code/BitIoLdd3.o
 .bss           0x00000000        0x0 ./Generated_Code/BitIoLdd3.o
 .text.BitIoLdd3_GetVal
                0x00000000       0x30 ./Generated_Code/BitIoLdd3.o
 .text.BitIoLdd3_PutVal
                0x00000000       0x30 ./Generated_Code/BitIoLdd3.o
 .text.BitIoLdd3_ClrVal
                0x00000000       0x1c ./Generated_Code/BitIoLdd3.o
 .text.BitIoLdd3_SetVal
                0x00000000       0x1c ./Generated_Code/BitIoLdd3.o
 .debug_macro   0x00000000      0x84a ./Generated_Code/BitIoLdd3.o
 .debug_macro   0x00000000       0x16 ./Generated_Code/BitIoLdd3.o
 .debug_macro   0x00000000       0x44 ./Generated_Code/BitIoLdd3.o
 .debug_macro   0x00000000      0x209 ./Generated_Code/BitIoLdd3.o
 .debug_macro   0x00000000     0x1672 ./Generated_Code/BitIoLdd3.o
 .debug_macro   0x00000000      0x14e ./Generated_Code/BitIoLdd3.o
 .debug_macro   0x00000000       0x6a ./Generated_Code/BitIoLdd3.o
 .debug_macro   0x00000000     0x9b9f ./Generated_Code/BitIoLdd3.o
 .debug_macro   0x00000000       0x94 ./Generated_Code/BitIoLdd3.o
 .debug_macro   0x00000000      0x12c ./Generated_Code/BitIoLdd3.o
 .debug_macro   0x00000000       0x9a ./Generated_Code/BitIoLdd3.o
 .group         0x00000000        0x8 ./Generated_Code/BitIoLdd4.o
 .group         0x00000000        0x8 ./Generated_Code/BitIoLdd4.o
 .group         0x00000000        0x8 ./Generated_Code/BitIoLdd4.o
 .group         0x00000000        0x8 ./Generated_Code/BitIoLdd4.o
 .group         0x00000000        0x8 ./Generated_Code/BitIoLdd4.o
 .group         0x00000000        0x8 ./Generated_Code/BitIoLdd4.o
 .group         0x00000000        0x8 ./Generated_Code/BitIoLdd4.o
 .group         0x00000000        0x8 ./Generated_Code/BitIoLdd4.o
 .group         0x00000000        0x8 ./Generated_Code/BitIoLdd4.o
 .group         0x00000000        0x8 ./Generated_Code/BitIoLdd4.o
 .group         0x00000000        0x8 ./Generated_Code/BitIoLdd4.o
 .group         0x00000000        0x8 ./Generated_Code/BitIoLdd4.o
 .text          0x00000000        0x0 ./Generated_Code/BitIoLdd4.o
 .data          0x00000000        0x0 ./Generated_Code/BitIoLdd4.o
 .bss           0x00000000        0x0 ./Generated_Code/BitIoLdd4.o
 .text.BitIoLdd4_GetVal
                0x00000000       0x30 ./Generated_Code/BitIoLdd4.o
 .debug_macro   0x00000000      0x84a ./Generated_Code/BitIoLdd4.o
 .debug_macro   0x00000000       0x16 ./Generated_Code/BitIoLdd4.o
 .debug_macro   0x00000000       0x44 ./Generated_Code/BitIoLdd4.o
 .debug_macro   0x00000000      0x209 ./Generated_Code/BitIoLdd4.o
 .debug_macro   0x00000000     0x1672 ./Generated_Code/BitIoLdd4.o
 .debug_macro   0x00000000      0x14e ./Generated_Code/BitIoLdd4.o
 .debug_macro   0x00000000       0x6a ./Generated_Code/BitIoLdd4.o
 .debug_macro   0x00000000     0x9b9f ./Generated_Code/BitIoLdd4.o
 .debug_macro   0x00000000       0x94 ./Generated_Code/BitIoLdd4.o
 .debug_macro   0x00000000      0x12c ./Generated_Code/BitIoLdd4.o
 .debug_macro   0x00000000       0x9a ./Generated_Code/BitIoLdd4.o
 .group         0x00000000        0x8 ./Generated_Code/Cpu.o
 .group         0x00000000        0x8 ./Generated_Code/Cpu.o
 .group         0x00000000        0x8 ./Generated_Code/Cpu.o
 .group         0x00000000        0x8 ./Generated_Code/Cpu.o
 .group         0x00000000        0x8 ./Generated_Code/Cpu.o
 .group         0x00000000        0x8 ./Generated_Code/Cpu.o
 .group         0x00000000        0x8 ./Generated_Code/Cpu.o
 .group         0x00000000        0x8 ./Generated_Code/Cpu.o
 .group         0x00000000        0x8 ./Generated_Code/Cpu.o
 .group         0x00000000        0x8 ./Generated_Code/Cpu.o
 .group         0x00000000        0x8 ./Generated_Code/Cpu.o
 .group         0x00000000        0x8 ./Generated_Code/Cpu.o
 .group         0x00000000        0x8 ./Generated_Code/Cpu.o
 .group         0x00000000        0x8 ./Generated_Code/Cpu.o
 .group         0x00000000        0x8 ./Generated_Code/Cpu.o
 .group         0x00000000        0x8 ./Generated_Code/Cpu.o
 .group         0x00000000        0x8 ./Generated_Code/Cpu.o
 .group         0x00000000        0x8 ./Generated_Code/Cpu.o
 .text          0x00000000        0x0 ./Generated_Code/Cpu.o
 .data          0x00000000        0x0 ./Generated_Code/Cpu.o
 .bss           0x00000000        0x0 ./Generated_Code/Cpu.o
 .bss.SR_lock   0x00000000        0x1 ./Generated_Code/Cpu.o
 .debug_macro   0x00000000      0x84a ./Generated_Code/Cpu.o
 .debug_macro   0x00000000       0x16 ./Generated_Code/Cpu.o
 .debug_macro   0x00000000       0x44 ./Generated_Code/Cpu.o
 .debug_macro   0x00000000      0x209 ./Generated_Code/Cpu.o
 .debug_macro   0x00000000     0x1672 ./Generated_Code/Cpu.o
 .debug_macro   0x00000000      0x14e ./Generated_Code/Cpu.o
 .debug_macro   0x00000000       0x6a ./Generated_Code/Cpu.o
 .debug_macro   0x00000000     0x9b9f ./Generated_Code/Cpu.o
 .debug_macro   0x00000000       0x94 ./Generated_Code/Cpu.o
 .debug_macro   0x00000000      0x12c ./Generated_Code/Cpu.o
 .debug_macro   0x00000000       0x9a ./Generated_Code/Cpu.o
 .debug_macro   0x00000000       0x40 ./Generated_Code/Cpu.o
 .debug_macro   0x00000000       0x1f ./Generated_Code/Cpu.o
 .debug_macro   0x00000000       0x46 ./Generated_Code/Cpu.o
 .debug_macro   0x00000000       0x1f ./Generated_Code/Cpu.o
 .debug_macro   0x00000000       0x46 ./Generated_Code/Cpu.o
 .debug_macro   0x00000000       0x1f ./Generated_Code/Cpu.o
 .debug_macro   0x00000000       0x34 ./Generated_Code/Cpu.o
 COMMON         0x00000000        0x1 ./Generated_Code/Cpu.o
 .group         0x00000000        0x8 ./Generated_Code/LED1.o
 .group         0x00000000        0x8 ./Generated_Code/LED1.o
 .group         0x00000000        0x8 ./Generated_Code/LED1.o
 .group         0x00000000        0x8 ./Generated_Code/LED1.o
 .group         0x00000000        0x8 ./Generated_Code/LED1.o
 .group         0x00000000        0x8 ./Generated_Code/LED1.o
 .group         0x00000000        0x8 ./Generated_Code/LED1.o
 .group         0x00000000        0x8 ./Generated_Code/LED1.o
 .group         0x00000000        0x8 ./Generated_Code/LED1.o
 .group         0x00000000        0x8 ./Generated_Code/LED1.o
 .group         0x00000000        0x8 ./Generated_Code/LED1.o
 .group         0x00000000        0x8 ./Generated_Code/LED1.o
 .group         0x00000000        0x8 ./Generated_Code/LED1.o
 .text          0x00000000        0x0 ./Generated_Code/LED1.o
 .data          0x00000000        0x0 ./Generated_Code/LED1.o
 .bss           0x00000000        0x0 ./Generated_Code/LED1.o
 .debug_info    0x00000000       0x7d ./Generated_Code/LED1.o
 .debug_abbrev  0x00000000       0x29 ./Generated_Code/LED1.o
 .debug_aranges
                0x00000000       0x18 ./Generated_Code/LED1.o
 .debug_macro   0x00000000       0xb5 ./Generated_Code/LED1.o
 .debug_macro   0x00000000      0x84a ./Generated_Code/LED1.o
 .debug_macro   0x00000000       0x16 ./Generated_Code/LED1.o
 .debug_macro   0x00000000       0x44 ./Generated_Code/LED1.o
 .debug_macro   0x00000000      0x209 ./Generated_Code/LED1.o
 .debug_macro   0x00000000     0x1672 ./Generated_Code/LED1.o
 .debug_macro   0x00000000      0x14e ./Generated_Code/LED1.o
 .debug_macro   0x00000000       0x6a ./Generated_Code/LED1.o
 .debug_macro   0x00000000     0x9b9f ./Generated_Code/LED1.o
 .debug_macro   0x00000000       0x94 ./Generated_Code/LED1.o
 .debug_macro   0x00000000      0x12c ./Generated_Code/LED1.o
 .debug_macro   0x00000000       0x9a ./Generated_Code/LED1.o
 .debug_macro   0x00000000       0x40 ./Generated_Code/LED1.o
 .debug_macro   0x00000000       0x1f ./Generated_Code/LED1.o
 .debug_line    0x00000000      0x2cb ./Generated_Code/LED1.o
 .debug_str     0x00000000    0x3fd6f ./Generated_Code/LED1.o
 .comment       0x00000000       0x71 ./Generated_Code/LED1.o
 .ARM.attributes
                0x00000000       0x33 ./Generated_Code/LED1.o
 .group         0x00000000        0x8 ./Generated_Code/LED2.o
 .group         0x00000000        0x8 ./Generated_Code/LED2.o
 .group         0x00000000        0x8 ./Generated_Code/LED2.o
 .group         0x00000000        0x8 ./Generated_Code/LED2.o
 .group         0x00000000        0x8 ./Generated_Code/LED2.o
 .group         0x00000000        0x8 ./Generated_Code/LED2.o
 .group         0x00000000        0x8 ./Generated_Code/LED2.o
 .group         0x00000000        0x8 ./Generated_Code/LED2.o
 .group         0x00000000        0x8 ./Generated_Code/LED2.o
 .group         0x00000000        0x8 ./Generated_Code/LED2.o
 .group         0x00000000        0x8 ./Generated_Code/LED2.o
 .group         0x00000000        0x8 ./Generated_Code/LED2.o
 .group         0x00000000        0x8 ./Generated_Code/LED2.o
 .text          0x00000000        0x0 ./Generated_Code/LED2.o
 .data          0x00000000        0x0 ./Generated_Code/LED2.o
 .bss           0x00000000        0x0 ./Generated_Code/LED2.o
 .debug_info    0x00000000       0x7d ./Generated_Code/LED2.o
 .debug_abbrev  0x00000000       0x29 ./Generated_Code/LED2.o
 .debug_aranges
                0x00000000       0x18 ./Generated_Code/LED2.o
 .debug_macro   0x00000000       0xb5 ./Generated_Code/LED2.o
 .debug_macro   0x00000000      0x84a ./Generated_Code/LED2.o
 .debug_macro   0x00000000       0x16 ./Generated_Code/LED2.o
 .debug_macro   0x00000000       0x44 ./Generated_Code/LED2.o
 .debug_macro   0x00000000      0x209 ./Generated_Code/LED2.o
 .debug_macro   0x00000000     0x1672 ./Generated_Code/LED2.o
 .debug_macro   0x00000000      0x14e ./Generated_Code/LED2.o
 .debug_macro   0x00000000       0x6a ./Generated_Code/LED2.o
 .debug_macro   0x00000000     0x9b9f ./Generated_Code/LED2.o
 .debug_macro   0x00000000       0x94 ./Generated_Code/LED2.o
 .debug_macro   0x00000000      0x12c ./Generated_Code/LED2.o
 .debug_macro   0x00000000       0x9a ./Generated_Code/LED2.o
 .debug_macro   0x00000000       0x40 ./Generated_Code/LED2.o
 .debug_macro   0x00000000       0x1f ./Generated_Code/LED2.o
 .debug_line    0x00000000      0x2cb ./Generated_Code/LED2.o
 .debug_str     0x00000000    0x3fd6f ./Generated_Code/LED2.o
 .comment       0x00000000       0x71 ./Generated_Code/LED2.o
 .ARM.attributes
                0x00000000       0x33 ./Generated_Code/LED2.o
 .group         0x00000000        0x8 ./Generated_Code/LED3.o
 .group         0x00000000        0x8 ./Generated_Code/LED3.o
 .group         0x00000000        0x8 ./Generated_Code/LED3.o
 .group         0x00000000        0x8 ./Generated_Code/LED3.o
 .group         0x00000000        0x8 ./Generated_Code/LED3.o
 .group         0x00000000        0x8 ./Generated_Code/LED3.o
 .group         0x00000000        0x8 ./Generated_Code/LED3.o
 .group         0x00000000        0x8 ./Generated_Code/LED3.o
 .group         0x00000000        0x8 ./Generated_Code/LED3.o
 .group         0x00000000        0x8 ./Generated_Code/LED3.o
 .group         0x00000000        0x8 ./Generated_Code/LED3.o
 .group         0x00000000        0x8 ./Generated_Code/LED3.o
 .group         0x00000000        0x8 ./Generated_Code/LED3.o
 .text          0x00000000        0x0 ./Generated_Code/LED3.o
 .data          0x00000000        0x0 ./Generated_Code/LED3.o
 .bss           0x00000000        0x0 ./Generated_Code/LED3.o
 .debug_info    0x00000000       0x7d ./Generated_Code/LED3.o
 .debug_abbrev  0x00000000       0x29 ./Generated_Code/LED3.o
 .debug_aranges
                0x00000000       0x18 ./Generated_Code/LED3.o
 .debug_macro   0x00000000       0xb5 ./Generated_Code/LED3.o
 .debug_macro   0x00000000      0x84a ./Generated_Code/LED3.o
 .debug_macro   0x00000000       0x16 ./Generated_Code/LED3.o
 .debug_macro   0x00000000       0x44 ./Generated_Code/LED3.o
 .debug_macro   0x00000000      0x209 ./Generated_Code/LED3.o
 .debug_macro   0x00000000     0x1672 ./Generated_Code/LED3.o
 .debug_macro   0x00000000      0x14e ./Generated_Code/LED3.o
 .debug_macro   0x00000000       0x6a ./Generated_Code/LED3.o
 .debug_macro   0x00000000     0x9b9f ./Generated_Code/LED3.o
 .debug_macro   0x00000000       0x94 ./Generated_Code/LED3.o
 .debug_macro   0x00000000      0x12c ./Generated_Code/LED3.o
 .debug_macro   0x00000000       0x9a ./Generated_Code/LED3.o
 .debug_macro   0x00000000       0x40 ./Generated_Code/LED3.o
 .debug_macro   0x00000000       0x1f ./Generated_Code/LED3.o
 .debug_line    0x00000000      0x2cb ./Generated_Code/LED3.o
 .debug_str     0x00000000    0x3fd6f ./Generated_Code/LED3.o
 .comment       0x00000000       0x71 ./Generated_Code/LED3.o
 .ARM.attributes
                0x00000000       0x33 ./Generated_Code/LED3.o
 .group         0x00000000        0x8 ./Generated_Code/PE_LDD.o
 .group         0x00000000        0x8 ./Generated_Code/PE_LDD.o
 .group         0x00000000        0x8 ./Generated_Code/PE_LDD.o
 .group         0x00000000        0x8 ./Generated_Code/PE_LDD.o
 .group         0x00000000        0x8 ./Generated_Code/PE_LDD.o
 .group         0x00000000        0x8 ./Generated_Code/PE_LDD.o
 .group         0x00000000        0x8 ./Generated_Code/PE_LDD.o
 .group         0x00000000        0x8 ./Generated_Code/PE_LDD.o
 .group         0x00000000        0x8 ./Generated_Code/PE_LDD.o
 .group         0x00000000        0x8 ./Generated_Code/PE_LDD.o
 .group         0x00000000        0x8 ./Generated_Code/PE_LDD.o
 .group         0x00000000        0x8 ./Generated_Code/PE_LDD.o
 .group         0x00000000        0x8 ./Generated_Code/PE_LDD.o
 .group         0x00000000        0x8 ./Generated_Code/PE_LDD.o
 .group         0x00000000        0x8 ./Generated_Code/PE_LDD.o
 .group         0x00000000        0x8 ./Generated_Code/PE_LDD.o
 .group         0x00000000        0x8 ./Generated_Code/PE_LDD.o
 .group         0x00000000        0x8 ./Generated_Code/PE_LDD.o
 .text          0x00000000        0x0 ./Generated_Code/PE_LDD.o
 .data          0x00000000        0x0 ./Generated_Code/PE_LDD.o
 .bss           0x00000000        0x0 ./Generated_Code/PE_LDD.o
 .rodata.PE_CpuClockConfigurations
                0x00000000       0x28 ./Generated_Code/PE_LDD.o
 .text.PE_FillMemory
                0x00000000       0x24 ./Generated_Code/PE_LDD.o
 .text.PE_PeripheralUsed
                0x00000000       0x44 ./Generated_Code/PE_LDD.o
 .text.LDD_SetClockConfiguration
                0x00000000       0x14 ./Generated_Code/PE_LDD.o
 .debug_macro   0x00000000      0x84a ./Generated_Code/PE_LDD.o
 .debug_macro   0x00000000       0x16 ./Generated_Code/PE_LDD.o
 .debug_macro   0x00000000       0x44 ./Generated_Code/PE_LDD.o
 .debug_macro   0x00000000      0x209 ./Generated_Code/PE_LDD.o
 .debug_macro   0x00000000     0x1672 ./Generated_Code/PE_LDD.o
 .debug_macro   0x00000000      0x14e ./Generated_Code/PE_LDD.o
 .debug_macro   0x00000000       0x6a ./Generated_Code/PE_LDD.o
 .debug_macro   0x00000000     0x9b9f ./Generated_Code/PE_LDD.o
 .debug_macro   0x00000000       0x94 ./Generated_Code/PE_LDD.o
 .debug_macro   0x00000000      0x12c ./Generated_Code/PE_LDD.o
 .debug_macro   0x00000000       0x9a ./Generated_Code/PE_LDD.o
 .debug_macro   0x00000000       0x40 ./Generated_Code/PE_LDD.o
 .debug_macro   0x00000000       0x1f ./Generated_Code/PE_LDD.o
 .debug_macro   0x00000000       0x46 ./Generated_Code/PE_LDD.o
 .debug_macro   0x00000000       0x1f ./Generated_Code/PE_LDD.o
 .debug_macro   0x00000000       0x46 ./Generated_Code/PE_LDD.o
 .debug_macro   0x00000000       0x1f ./Generated_Code/PE_LDD.o
 .debug_macro   0x00000000       0x34 ./Generated_Code/PE_LDD.o
 .group         0x00000000        0x8 ./Generated_Code/Sw1.o
 .group         0x00000000        0x8 ./Generated_Code/Sw1.o
 .group         0x00000000        0x8 ./Generated_Code/Sw1.o
 .group         0x00000000        0x8 ./Generated_Code/Sw1.o
 .group         0x00000000        0x8 ./Generated_Code/Sw1.o
 .group         0x00000000        0x8 ./Generated_Code/Sw1.o
 .group         0x00000000        0x8 ./Generated_Code/Sw1.o
 .group         0x00000000        0x8 ./Generated_Code/Sw1.o
 .group         0x00000000        0x8 ./Generated_Code/Sw1.o
 .group         0x00000000        0x8 ./Generated_Code/Sw1.o
 .group         0x00000000        0x8 ./Generated_Code/Sw1.o
 .group         0x00000000        0x8 ./Generated_Code/Sw1.o
 .text          0x00000000        0x0 ./Generated_Code/Sw1.o
 .data          0x00000000        0x0 ./Generated_Code/Sw1.o
 .bss           0x00000000        0x0 ./Generated_Code/Sw1.o
 .debug_info    0x00000000       0x7d ./Generated_Code/Sw1.o
 .debug_abbrev  0x00000000       0x29 ./Generated_Code/Sw1.o
 .debug_aranges
                0x00000000       0x18 ./Generated_Code/Sw1.o
 .debug_macro   0x00000000       0xb6 ./Generated_Code/Sw1.o
 .debug_macro   0x00000000      0x84a ./Generated_Code/Sw1.o
 .debug_macro   0x00000000       0x16 ./Generated_Code/Sw1.o
 .debug_macro   0x00000000       0x44 ./Generated_Code/Sw1.o
 .debug_macro   0x00000000      0x209 ./Generated_Code/Sw1.o
 .debug_macro   0x00000000     0x1672 ./Generated_Code/Sw1.o
 .debug_macro   0x00000000      0x14e ./Generated_Code/Sw1.o
 .debug_macro   0x00000000       0x6a ./Generated_Code/Sw1.o
 .debug_macro   0x00000000     0x9b9f ./Generated_Code/Sw1.o
 .debug_macro   0x00000000       0x94 ./Generated_Code/Sw1.o
 .debug_macro   0x00000000      0x12c ./Generated_Code/Sw1.o
 .debug_macro   0x00000000       0x9a ./Generated_Code/Sw1.o
 .debug_macro   0x00000000       0x2e ./Generated_Code/Sw1.o
 .debug_line    0x00000000      0x2c9 ./Generated_Code/Sw1.o
 .debug_str     0x00000000    0x3fc5a ./Generated_Code/Sw1.o
 .comment       0x00000000       0x71 ./Generated_Code/Sw1.o
 .ARM.attributes
                0x00000000       0x33 ./Generated_Code/Sw1.o
 .group         0x00000000        0x8 ./Generated_Code/Vectors.o
 .group         0x00000000        0x8 ./Generated_Code/Vectors.o
 .group         0x00000000        0x8 ./Generated_Code/Vectors.o
 .group         0x00000000        0x8 ./Generated_Code/Vectors.o
 .group         0x00000000        0x8 ./Generated_Code/Vectors.o
 .group         0x00000000        0x8 ./Generated_Code/Vectors.o
 .group         0x00000000        0x8 ./Generated_Code/Vectors.o
 .group         0x00000000        0x8 ./Generated_Code/Vectors.o
 .group         0x00000000        0x8 ./Generated_Code/Vectors.o
 .group         0x00000000        0x8 ./Generated_Code/Vectors.o
 .group         0x00000000        0x8 ./Generated_Code/Vectors.o
 .group         0x00000000        0x8 ./Generated_Code/Vectors.o
 .group         0x00000000        0x8 ./Generated_Code/Vectors.o
 .group         0x00000000        0x8 ./Generated_Code/Vectors.o
 .group         0x00000000        0x8 ./Generated_Code/Vectors.o
 .group         0x00000000        0x8 ./Generated_Code/Vectors.o
 .group         0x00000000        0x8 ./Generated_Code/Vectors.o
 .group         0x00000000        0x8 ./Generated_Code/Vectors.o
 .text          0x00000000        0x0 ./Generated_Code/Vectors.o
 .data          0x00000000        0x0 ./Generated_Code/Vectors.o
 .bss           0x00000000        0x0 ./Generated_Code/Vectors.o
 .debug_macro   0x00000000      0x84a ./Generated_Code/Vectors.o
 .debug_macro   0x00000000       0x16 ./Generated_Code/Vectors.o
 .debug_macro   0x00000000       0x44 ./Generated_Code/Vectors.o
 .debug_macro   0x00000000      0x209 ./Generated_Code/Vectors.o
 .debug_macro   0x00000000     0x1672 ./Generated_Code/Vectors.o
 .debug_macro   0x00000000      0x14e ./Generated_Code/Vectors.o
 .debug_macro   0x00000000       0x6a ./Generated_Code/Vectors.o
 .debug_macro   0x00000000     0x9b9f ./Generated_Code/Vectors.o
 .debug_macro   0x00000000       0x94 ./Generated_Code/Vectors.o
 .debug_macro   0x00000000       0x94 ./Generated_Code/Vectors.o
 .debug_macro   0x00000000      0x12c ./Generated_Code/Vectors.o
 .debug_macro   0x00000000       0x40 ./Generated_Code/Vectors.o
 .debug_macro   0x00000000       0x1f ./Generated_Code/Vectors.o
 .debug_macro   0x00000000       0x46 ./Generated_Code/Vectors.o
 .debug_macro   0x00000000       0x1f ./Generated_Code/Vectors.o
 .debug_macro   0x00000000       0x46 ./Generated_Code/Vectors.o
 .debug_macro   0x00000000       0x1f ./Generated_Code/Vectors.o
 .debug_macro   0x00000000       0x34 ./Generated_Code/Vectors.o
 .text          0x00000000        0x0 c:/freescale/kds_v3/toolchain/bin/../lib/gcc/arm-none-eabi/4.8.4/../../../../arm-none-eabi/lib/armv7e-m\libg_s.a(lib_a-exit.o)
 .data          0x00000000        0x0 c:/freescale/kds_v3/toolchain/bin/../lib/gcc/arm-none-eabi/4.8.4/../../../../arm-none-eabi/lib/armv7e-m\libg_s.a(lib_a-exit.o)
 .bss           0x00000000        0x0 c:/freescale/kds_v3/toolchain/bin/../lib/gcc/arm-none-eabi/4.8.4/../../../../arm-none-eabi/lib/armv7e-m\libg_s.a(lib_a-exit.o)
 .text          0x00000000        0x0 c:/freescale/kds_v3/toolchain/bin/../lib/gcc/arm-none-eabi/4.8.4/../../../../arm-none-eabi/lib/armv7e-m\libg_s.a(lib_a-impure.o)
 .data          0x00000000        0x0 c:/freescale/kds_v3/toolchain/bin/../lib/gcc/arm-none-eabi/4.8.4/../../../../arm-none-eabi/lib/armv7e-m\libg_s.a(lib_a-impure.o)
 .bss           0x00000000        0x0 c:/freescale/kds_v3/toolchain/bin/../lib/gcc/arm-none-eabi/4.8.4/../../../../arm-none-eabi/lib/armv7e-m\libg_s.a(lib_a-impure.o)
 .data._impure_ptr
                0x00000000        0x4 c:/freescale/kds_v3/toolchain/bin/../lib/gcc/arm-none-eabi/4.8.4/../../../../arm-none-eabi/lib/armv7e-m\libg_s.a(lib_a-impure.o)
 .text          0x00000000        0x0 c:/freescale/kds_v3/toolchain/bin/../lib/gcc/arm-none-eabi/4.8.4/../../../../arm-none-eabi/lib/armv7e-m\libg_s.a(lib_a-init.o)
 .data          0x00000000        0x0 c:/freescale/kds_v3/toolchain/bin/../lib/gcc/arm-none-eabi/4.8.4/../../../../arm-none-eabi/lib/armv7e-m\libg_s.a(lib_a-init.o)
 .bss           0x00000000        0x0 c:/freescale/kds_v3/toolchain/bin/../lib/gcc/arm-none-eabi/4.8.4/../../../../arm-none-eabi/lib/armv7e-m\libg_s.a(lib_a-init.o)
 .text          0x00000000        0x0 c:/freescale/kds_v3/toolchain/bin/../lib/gcc/arm-none-eabi/4.8.4/../../../../arm-none-eabi/lib/armv7e-m\libg_s.a(lib_a-memset.o)
 .data          0x00000000        0x0 c:/freescale/kds_v3/toolchain/bin/../lib/gcc/arm-none-eabi/4.8.4/../../../../arm-none-eabi/lib/armv7e-m\libg_s.a(lib_a-memset.o)
 .bss           0x00000000        0x0 c:/freescale/kds_v3/toolchain/bin/../lib/gcc/arm-none-eabi/4.8.4/../../../../arm-none-eabi/lib/armv7e-m\libg_s.a(lib_a-memset.o)
 .text          0x00000000        0x0 c:/freescale/kds_v3/toolchain/bin/../lib/gcc/arm-none-eabi/4.8.4/../../../../arm-none-eabi/lib/armv7e-m\libnosys.a(_exit.o)
 .data          0x00000000        0x0 c:/freescale/kds_v3/toolchain/bin/../lib/gcc/arm-none-eabi/4.8.4/../../../../arm-none-eabi/lib/armv7e-m\libnosys.a(_exit.o)
 .bss           0x00000000        0x0 c:/freescale/kds_v3/toolchain/bin/../lib/gcc/arm-none-eabi/4.8.4/../../../../arm-none-eabi/lib/armv7e-m\libnosys.a(_exit.o)
 .text          0x00000000        0x0 c:/freescale/kds_v3/toolchain/bin/../lib/gcc/arm-none-eabi/4.8.4/armv7e-m/crtend.o
 .data          0x00000000        0x0 c:/freescale/kds_v3/toolchain/bin/../lib/gcc/arm-none-eabi/4.8.4/armv7e-m/crtend.o
 .bss           0x00000000        0x0 c:/freescale/kds_v3/toolchain/bin/../lib/gcc/arm-none-eabi/4.8.4/armv7e-m/crtend.o
 .eh_frame      0x00000000        0x4 c:/freescale/kds_v3/toolchain/bin/../lib/gcc/arm-none-eabi/4.8.4/armv7e-m/crtend.o
 .jcr           0x00000000        0x4 c:/freescale/kds_v3/toolchain/bin/../lib/gcc/arm-none-eabi/4.8.4/armv7e-m/crtend.o
 .ARM.attributes
                0x00000000       0x2e c:/freescale/kds_v3/toolchain/bin/../lib/gcc/arm-none-eabi/4.8.4/armv7e-m/crtend.o
 .text          0x00000000        0x0 c:/freescale/kds_v3/toolchain/bin/../lib/gcc/arm-none-eabi/4.8.4/armv7e-m/crtn.o
 .data          0x00000000        0x0 c:/freescale/kds_v3/toolchain/bin/../lib/gcc/arm-none-eabi/4.8.4/armv7e-m/crtn.o
 .bss           0x00000000        0x0 c:/freescale/kds_v3/toolchain/bin/../lib/gcc/arm-none-eabi/4.8.4/armv7e-m/crtn.o

Memory Configuration

Name             Origin             Length             Attributes
m_interrupts     0x00000000         0x000000f8         xr
m_text           0x00000410         0x0001fbf0         xr
m_data           0x1fffe000         0x00002000         rw
m_data_20000000  0x20000000         0x00002000         rw
m_cfmprotrom     0x00000400         0x00000010         xr
*default*        0x00000000         0xffffffff

Linker script and memory map

LOAD c:/freescale/kds_v3/toolchain/bin/../lib/gcc/arm-none-eabi/4.8.4/armv7e-m/crti.o
LOAD c:/freescale/kds_v3/toolchain/bin/../lib/gcc/arm-none-eabi/4.8.4/armv7e-m/crtbegin.o
LOAD c:/freescale/kds_v3/toolchain/bin/../lib/gcc/arm-none-eabi/4.8.4/../../../../arm-none-eabi/lib/armv7e-m/crt0.o
LOAD ./Sources/Events.o
LOAD ./Sources/main.o
LOAD ./Project_Settings/Startup_Code/startup.o
LOAD ./Generated_Code/BitIoLdd1.o
LOAD ./Generated_Code/BitIoLdd2.o
LOAD ./Generated_Code/BitIoLdd3.o
LOAD ./Generated_Code/BitIoLdd4.o
LOAD ./Generated_Code/Cpu.o
LOAD ./Generated_Code/LED1.o
LOAD ./Generated_Code/LED2.o
LOAD ./Generated_Code/LED3.o
LOAD ./Generated_Code/PE_LDD.o
LOAD ./Generated_Code/Sw1.o
LOAD ./Generated_Code/Vectors.o
LOAD c:/freescale/kds_v3/toolchain/bin/../lib/gcc/arm-none-eabi/4.8.4/../../../../arm-none-eabi/lib/armv7e-m\libstdc++_s.a
LOAD c:/freescale/kds_v3/toolchain/bin/../lib/gcc/arm-none-eabi/4.8.4/../../../../arm-none-eabi/lib/armv7e-m\libm.a
START GROUP
LOAD c:/freescale/kds_v3/toolchain/bin/../lib/gcc/arm-none-eabi/4.8.4/armv7e-m\libgcc.a
LOAD c:/freescale/kds_v3/toolchain/bin/../lib/gcc/arm-none-eabi/4.8.4/../../../../arm-none-eabi/lib/armv7e-m\libg_s.a
LOAD c:/freescale/kds_v3/toolchain/bin/../lib/gcc/arm-none-eabi/4.8.4/../../../../arm-none-eabi/lib/armv7e-m\libc_s.a
END GROUP
START GROUP
LOAD c:/freescale/kds_v3/toolchain/bin/../lib/gcc/arm-none-eabi/4.8.4/armv7e-m\libgcc.a
LOAD c:/freescale/kds_v3/toolchain/bin/../lib/gcc/arm-none-eabi/4.8.4/../../../../arm-none-eabi/lib/armv7e-m\libc_s.a
LOAD c:/freescale/kds_v3/toolchain/bin/../lib/gcc/arm-none-eabi/4.8.4/../../../../arm-none-eabi/lib/armv7e-m\libnosys.a
END GROUP
START GROUP
LOAD c:/freescale/kds_v3/toolchain/bin/../lib/gcc/arm-none-eabi/4.8.4/armv7e-m\libgcc.a
LOAD c:/freescale/kds_v3/toolchain/bin/../lib/gcc/arm-none-eabi/4.8.4/../../../../arm-none-eabi/lib/armv7e-m\libc_s.a
LOAD c:/freescale/kds_v3/toolchain/bin/../lib/gcc/arm-none-eabi/4.8.4/../../../../arm-none-eabi/lib/armv7e-m\libnosys.a
END GROUP
LOAD c:/freescale/kds_v3/toolchain/bin/../lib/gcc/arm-none-eabi/4.8.4/armv7e-m/crtend.o
LOAD c:/freescale/kds_v3/toolchain/bin/../lib/gcc/arm-none-eabi/4.8.4/armv7e-m/crtn.o
                0x20000000                _estack = 0x20000000
                0x20000000                __SP_INIT = _estack
                0x20000000                __stack = _estack
                0x00000000                __heap_size = 0x0
                0x00000400                __stack_size = 0x400

.interrupts     0x00000000       0xf8
                0x00000000                __vector_table = .
                0x00000000                . = ALIGN (0x4)
 *(.vectortable)
 .vectortable   0x00000000       0xf8 ./Generated_Code/Vectors.o
                0x00000000                __vect_table
                0x000000f8                . = ALIGN (0x4)

.cfmprotect     0x00000400       0x10
                0x00000400                . = ALIGN (0x4)
 *(.cfmconfig)
 .cfmconfig     0x00000400       0x10 ./Generated_Code/Cpu.o
                0x00000400                _cfm
                0x00000410                . = ALIGN (0x4)

.text           0x00000410      0x700
                0x00000410                . = ALIGN (0x4)
 *(.text)
 .text          0x00000410       0x54 c:/freescale/kds_v3/toolchain/bin/../lib/gcc/arm-none-eabi/4.8.4/armv7e-m/crtbegin.o
 .text          0x00000464       0x74 c:/freescale/kds_v3/toolchain/bin/../lib/gcc/arm-none-eabi/4.8.4/../../../../arm-none-eabi/lib/armv7e-m/crt0.o
                0x00000464                _start
                0x00000464                _mainCRTStartup
 *(.text*)
 .text.Cpu_OnNMIINT
                0x000004d8        0xc ./Sources/Events.o
                0x000004d8                Cpu_OnNMIINT
 .text.main     0x000004e4        0xc ./Sources/main.o
                0x000004e4                main
 .text.__copy_rom_section
                0x000004f0       0xe4 ./Project_Settings/Startup_Code/startup.o
                0x000004f0                __copy_rom_section
 .text.__copy_rom_sections_to_ram
                0x000005d4       0x9c ./Project_Settings/Startup_Code/startup.o
                0x000005d4                __copy_rom_sections_to_ram
 .text.__init_registers
                0x00000670        0xc ./Project_Settings/Startup_Code/startup.o
                0x00000670                __init_registers
 .text.__init_user
                0x0000067c        0xc ./Project_Settings/Startup_Code/startup.o
                0x0000067c                __init_user
 .text.__thumb_startup
                0x00000688       0x34 ./Project_Settings/Startup_Code/startup.o
                0x00000688                __thumb_startup
 .text.BitIoLdd1_Init
                0x000006bc       0x64 ./Generated_Code/BitIoLdd1.o
                0x000006bc                BitIoLdd1_Init
 .text.BitIoLdd2_Init
                0x00000720       0x64 ./Generated_Code/BitIoLdd2.o
                0x00000720                BitIoLdd2_Init
 .text.BitIoLdd3_Init
                0x00000784       0x64 ./Generated_Code/BitIoLdd3.o
                0x00000784                BitIoLdd3_Init
 .text.BitIoLdd4_Init
                0x000007e8       0x58 ./Generated_Code/BitIoLdd4.o
                0x000007e8                BitIoLdd4_Init
 .text.Cpu_INT_NMIInterrupt
                0x00000840       0x1c ./Generated_Code/Cpu.o
                0x00000840                Cpu_INT_NMIInterrupt
 .text.Cpu_Interrupt
                0x0000085c       0x18 ./Generated_Code/Cpu.o
                0x0000085c                Cpu_Interrupt
 .text.__init_hardware
                0x00000874      0x11c ./Generated_Code/Cpu.o
                0x00000874                __init_hardware
 .text.Cpu_SetBASEPRI
                0x00000990       0x18 ./Generated_Code/Cpu.o
                0x00000990                Cpu_SetBASEPRI
 .text.PE_low_level_init
                0x000009a8       0xc0 ./Generated_Code/Cpu.o
                0x000009a8                PE_low_level_init
 .text.exit     0x00000a68       0x28 c:/freescale/kds_v3/toolchain/bin/../lib/gcc/arm-none-eabi/4.8.4/../../../../arm-none-eabi/lib/armv7e-m\libg_s.a(lib_a-exit.o)
                0x00000a68                exit
 .text.__libc_init_array
                0x00000a90       0x4c c:/freescale/kds_v3/toolchain/bin/../lib/gcc/arm-none-eabi/4.8.4/../../../../arm-none-eabi/lib/armv7e-m\libg_s.a(lib_a-init.o)
                0x00000a90                __libc_init_array
 .text.memset   0x00000adc       0x10 c:/freescale/kds_v3/toolchain/bin/../lib/gcc/arm-none-eabi/4.8.4/../../../../arm-none-eabi/lib/armv7e-m\libg_s.a(lib_a-memset.o)
                0x00000adc                memset
 .text._exit    0x00000aec        0x4 c:/freescale/kds_v3/toolchain/bin/../lib/gcc/arm-none-eabi/4.8.4/../../../../arm-none-eabi/lib/armv7e-m\libnosys.a(_exit.o)
                0x00000aec                _exit
 *(.rodata)
 *(.rodata*)
 .rodata.str1.1
                0x00000af0        0x2 c:/freescale/kds_v3/toolchain/bin/../lib/gcc/arm-none-eabi/4.8.4/../../../../arm-none-eabi/lib/armv7e-m\libg_s.a(lib_a-impure.o)
 *fill*         0x00000af2        0x2 
 .rodata._global_impure_ptr
                0x00000af4        0x4 c:/freescale/kds_v3/toolchain/bin/../lib/gcc/arm-none-eabi/4.8.4/../../../../arm-none-eabi/lib/armv7e-m\libg_s.a(lib_a-impure.o)
                0x00000af4                _global_impure_ptr
 *(.glue_7)
 .glue_7        0x00000000        0x0 linker stubs
 *(.glue_7t)
 .glue_7t       0x00000000        0x0 linker stubs
 *(.eh_frame)
 .eh_frame      0x00000af8        0x0 c:/freescale/kds_v3/toolchain/bin/../lib/gcc/arm-none-eabi/4.8.4/armv7e-m/crtbegin.o
 *(.init)
 .init          0x00000af8        0x4 c:/freescale/kds_v3/toolchain/bin/../lib/gcc/arm-none-eabi/4.8.4/armv7e-m/crti.o
                0x00000af8                _init
 .init          0x00000afc        0x8 c:/freescale/kds_v3/toolchain/bin/../lib/gcc/arm-none-eabi/4.8.4/armv7e-m/crtn.o
 *(.fini)
 .fini          0x00000b04        0x4 c:/freescale/kds_v3/toolchain/bin/../lib/gcc/arm-none-eabi/4.8.4/armv7e-m/crti.o
                0x00000b04                _fini
 .fini          0x00000b08        0x8 c:/freescale/kds_v3/toolchain/bin/../lib/gcc/arm-none-eabi/4.8.4/armv7e-m/crtn.o
                0x00000b10                . = ALIGN (0x4)
                0x00000b10                _etext = .

.vfp11_veneer   0x00000b10        0x0
 .vfp11_veneer  0x00000000        0x0 linker stubs

.v4_bx          0x00000b10        0x0
 .v4_bx         0x00000000        0x0 linker stubs

.iplt           0x00000b10        0x0
 .iplt          0x00000000        0x0 c:/freescale/kds_v3/toolchain/bin/../lib/gcc/arm-none-eabi/4.8.4/armv7e-m/crtbegin.o

.ARM.extab
 *(.ARM.extab* .gnu.linkonce.armextab.*)

.ARM            0x00000b10        0x8
                0x00000b10                __exidx_start = .
 *(.ARM.exidx*)
 .ARM.exidx     0x00000b10        0x8 c:/freescale/kds_v3/toolchain/bin/../lib/gcc/arm-none-eabi/4.8.4/../../../../arm-none-eabi/lib/armv7e-m/crt0.o
                0x00000b18                __exidx_end = .

.rel.dyn        0x00000b18        0x0
 .rel.iplt      0x00000000        0x0 c:/freescale/kds_v3/toolchain/bin/../lib/gcc/arm-none-eabi/4.8.4/armv7e-m/crtbegin.o

.ctors          0x00000b18        0x0
                0x00000b18                __CTOR_LIST__ = .
 *crtbegin.o(.ctors)
 *(EXCLUDE_FILE(*crtend.o) .ctors)
 *(SORT(.ctors.*))
 *(.ctors)
                0x00000b18                __CTOR_END__ = .

.dtors          0x00000b18        0x0
                0x00000b18                __DTOR_LIST__ = .
 *crtbegin.o(.dtors)
 *(EXCLUDE_FILE(*crtend.o) .dtors)
 *(SORT(.dtors.*))
 *(.dtors)
                0x00000b18                __DTOR_END__ = .

.preinit_array  0x00000b18        0x0
                0x00000b18                PROVIDE (__preinit_array_start, .)
 *(.preinit_array*)
                0x00000b18                PROVIDE (__preinit_array_end, .)

.init_array     0x00000b18        0x4
                0x00000b18                PROVIDE (__init_array_start, .)
 *(SORT(.init_array.*))
 *(.init_array*)
 .init_array    0x00000b18        0x4 c:/freescale/kds_v3/toolchain/bin/../lib/gcc/arm-none-eabi/4.8.4/armv7e-m/crtbegin.o
                0x00000b1c                PROVIDE (__init_array_end, .)

.fini_array     0x00000b1c        0x4
                0x00000b1c                PROVIDE (__fini_array_start, .)
 *(SORT(.fini_array.*))
 *(.fini_array*)
 .fini_array    0x00000b1c        0x4 c:/freescale/kds_v3/toolchain/bin/../lib/gcc/arm-none-eabi/4.8.4/armv7e-m/crtbegin.o
                0x00000b20                PROVIDE (__fini_array_end, .)
                0x00000b20                ___ROM_AT = .

.data           0x1fffe000       0x60 load address 0x00000b20
                0x1fffe000                . = ALIGN (0x4)
                0x1fffe000                _sdata = .
 *(.data)
 *(.data*)
 .data.impure_data
                0x1fffe000       0x60 c:/freescale/kds_v3/toolchain/bin/../lib/gcc/arm-none-eabi/4.8.4/../../../../arm-none-eabi/lib/armv7e-m\libg_s.a(lib_a-impure.o)
                0x1fffe060                . = ALIGN (0x4)
                0x1fffe060                _edata = .
                0x00000060                ___data_size = (_edata - _sdata)
                0x00000b80                ___m_data_20000000_ROMStart = (___ROM_AT + SIZEOF (.data))

.jcr            0x1fffe060        0x0 load address 0x00000b80
 .jcr           0x1fffe060        0x0 c:/freescale/kds_v3/toolchain/bin/../lib/gcc/arm-none-eabi/4.8.4/armv7e-m/crtbegin.o

.igot.plt       0x1fffe060        0x0 load address 0x00000b80
 .igot.plt      0x00000000        0x0 c:/freescale/kds_v3/toolchain/bin/../lib/gcc/arm-none-eabi/4.8.4/armv7e-m/crtbegin.o

.m_data_20000000
                0x20000000        0x0 load address 0x00000b80
                0x20000000                . = ALIGN (0x4)
                0x20000000                ___m_data_20000000_RAMStart = .
 *(.m_data_20000000)
                0x20000000                ___m_data_20000000_RAMEnd = .
                0x20000000                . = ALIGN (0x4)
                0x00000000                ___m_data_20000000_ROMSize = (___m_data_20000000_RAMEnd - ___m_data_20000000_RAMStart)
                0x20000000                . = ALIGN (0x4)

.bss            0x1fffe060       0x3c load address 0x00000b80
                0x1fffe060                __START_BSS = .
                0x1fffe060                PROVIDE (__bss_start__, __START_BSS)
 *(.bss)
 .bss           0x1fffe060       0x1c c:/freescale/kds_v3/toolchain/bin/../lib/gcc/arm-none-eabi/4.8.4/armv7e-m/crtbegin.o
 *(.bss*)
 .bss.DeviceDataPrv__DEFAULT_RTOS_ALLOC
                0x1fffe07c        0x4 ./Generated_Code/BitIoLdd1.o
 .bss.DeviceDataPrv__DEFAULT_RTOS_ALLOC
                0x1fffe080        0x4 ./Generated_Code/BitIoLdd2.o
 .bss.DeviceDataPrv__DEFAULT_RTOS_ALLOC
                0x1fffe084        0x4 ./Generated_Code/BitIoLdd3.o
 .bss.DeviceDataPrv__DEFAULT_RTOS_ALLOC
                0x1fffe088        0x4 ./Generated_Code/BitIoLdd4.o
 .bss.PE_LDD_DeviceDataList
                0x1fffe08c       0x10 ./Generated_Code/PE_LDD.o
                0x1fffe08c                PE_LDD_DeviceDataList
 *(COMMON)
                0x1fffe09c                . = ALIGN (0x4)
                0x1fffe09c                __END_BSS = .
                0x1fffe09c                PROVIDE (__bss_end__, __END_BSS)
                0x00000b80                _romp_at = ((___ROM_AT + SIZEOF (.data)) + SIZEOF (.m_data_20000000))

.romp           0x1fffe09c       0x24 load address 0x00000b80
                0x00000b80                __S_romp = _romp_at
                0x1fffe09c        0x4 LONG 0xb20 ___ROM_AT
                0x1fffe0a0        0x4 LONG 0x1fffe000 _sdata
                0x1fffe0a4        0x4 LONG 0x60 ___data_size
                0x1fffe0a8        0x4 LONG 0xb80 ___m_data_20000000_ROMStart
                0x1fffe0ac        0x4 LONG 0x20000000 ___m_data_20000000_RAMStart
                0x1fffe0b0        0x4 LONG 0x0 ___m_data_20000000_ROMSize
                0x1fffe0b4        0x4 LONG 0x0
                0x1fffe0b8        0x4 LONG 0x0
                0x1fffe0bc        0x4 LONG 0x0
                0x00020000                text_end = (ORIGIN (m_text) + 0x1fbf0)
                0x00000ba4                data_init_end = ((___m_data_20000000_ROMStart + SIZEOF (.m_data_20000000)) + SIZEOF (.romp))
                0x00000001                ASSERT ((data_init_end <= text_end), region m_text overflowed with text and data)

._user_heap_stack
                0x1fffe0c0      0x400 load address 0x00000ba4
                0x1fffe0c0                . = ALIGN (0x4)
                0x1fffe0c0                PROVIDE (end, .)
                0x1fffe0c0                PROVIDE (_end, .)
                0x1fffe0c0                PROVIDE (__end__, .)
                0x1fffe0c0                __heap_addr = .
                0x1fffe0c0                __HeapBase = .
                0x1fffe0c0                . = (. + __heap_size)
                0x1fffe0c0                __HeapLimit = .
                0x1fffe4c0                . = (. + __stack_size)
 *fill*         0x1fffe0c0      0x400 
                0x1fffe4c0                . = ALIGN (0x4)

.ARM.attributes
                0x00000000       0x2a
 *(.ARM.attributes)
 .ARM.attributes
                0x00000000       0x1e c:/freescale/kds_v3/toolchain/bin/../lib/gcc/arm-none-eabi/4.8.4/armv7e-m/crti.o
 .ARM.attributes
                0x0000001e       0x2e c:/freescale/kds_v3/toolchain/bin/../lib/gcc/arm-none-eabi/4.8.4/armv7e-m/crtbegin.o
 .ARM.attributes
                0x0000004c       0x1c c:/freescale/kds_v3/toolchain/bin/../lib/gcc/arm-none-eabi/4.8.4/../../../../arm-none-eabi/lib/armv7e-m/crt0.o
 .ARM.attributes
                0x00000068       0x33 ./Sources/Events.o
 .ARM.attributes
                0x0000009b       0x33 ./Sources/main.o
 .ARM.attributes
                0x000000ce       0x33 ./Project_Settings/Startup_Code/startup.o
 .ARM.attributes
                0x00000101       0x33 ./Generated_Code/BitIoLdd1.o
 .ARM.attributes
                0x00000134       0x33 ./Generated_Code/BitIoLdd2.o
 .ARM.attributes
                0x00000167       0x33 ./Generated_Code/BitIoLdd3.o
 .ARM.attributes
                0x0000019a       0x33 ./Generated_Code/BitIoLdd4.o
 .ARM.attributes
                0x000001cd       0x33 ./Generated_Code/Cpu.o
 .ARM.attributes
                0x00000200       0x33 ./Generated_Code/PE_LDD.o
 .ARM.attributes
                0x00000233       0x33 ./Generated_Code/Vectors.o
 .ARM.attributes
                0x00000266       0x2e c:/freescale/kds_v3/toolchain/bin/../lib/gcc/arm-none-eabi/4.8.4/../../../../arm-none-eabi/lib/armv7e-m\libg_s.a(lib_a-exit.o)
 .ARM.attributes
                0x00000294       0x2e c:/freescale/kds_v3/toolchain/bin/../lib/gcc/arm-none-eabi/4.8.4/../../../../arm-none-eabi/lib/armv7e-m\libg_s.a(lib_a-impure.o)
 .ARM.attributes
                0x000002c2       0x2e c:/freescale/kds_v3/toolchain/bin/../lib/gcc/arm-none-eabi/4.8.4/../../../../arm-none-eabi/lib/armv7e-m\libg_s.a(lib_a-init.o)
 .ARM.attributes
                0x000002f0       0x2e c:/freescale/kds_v3/toolchain/bin/../lib/gcc/arm-none-eabi/4.8.4/../../../../arm-none-eabi/lib/armv7e-m\libg_s.a(lib_a-memset.o)
 .ARM.attributes
                0x0000031e       0x2e c:/freescale/kds_v3/toolchain/bin/../lib/gcc/arm-none-eabi/4.8.4/../../../../arm-none-eabi/lib/armv7e-m\libnosys.a(_exit.o)
 .ARM.attributes
                0x0000034c       0x1e c:/freescale/kds_v3/toolchain/bin/../lib/gcc/arm-none-eabi/4.8.4/armv7e-m/crtn.o
OUTPUT(LabAssignmentDice.elf elf32-littlearm)

.debug_info     0x00000000     0x1d4c
 .debug_info    0x00000000       0x96 ./Sources/Events.o
 .debug_info    0x00000096       0x9a ./Sources/main.o
 .debug_info    0x00000130      0x20a ./Project_Settings/Startup_Code/startup.o
 .debug_info    0x0000033a      0x351 ./Generated_Code/BitIoLdd1.o
 .debug_info    0x0000068b      0x351 ./Generated_Code/BitIoLdd2.o
 .debug_info    0x000009dc      0x351 ./Generated_Code/BitIoLdd3.o
 .debug_info    0x00000d2d      0x2d7 ./Generated_Code/BitIoLdd4.o
 .debug_info    0x00001004      0x9e9 ./Generated_Code/Cpu.o
 .debug_info    0x000019ed      0x251 ./Generated_Code/PE_LDD.o
 .debug_info    0x00001c3e      0x10e ./Generated_Code/Vectors.o

.debug_abbrev   0x00000000      0x982
 .debug_abbrev  0x00000000       0x45 ./Sources/Events.o
 .debug_abbrev  0x00000045       0x47 ./Sources/main.o
 .debug_abbrev  0x0000008c      0x11e ./Project_Settings/Startup_Code/startup.o
 .debug_abbrev  0x000001aa      0x136 ./Generated_Code/BitIoLdd1.o
 .debug_abbrev  0x000002e0      0x136 ./Generated_Code/BitIoLdd2.o
 .debug_abbrev  0x00000416      0x136 ./Generated_Code/BitIoLdd3.o
 .debug_abbrev  0x0000054c      0x10d ./Generated_Code/BitIoLdd4.o
 .debug_abbrev  0x00000659      0x178 ./Generated_Code/Cpu.o
 .debug_abbrev  0x000007d1      0x10d ./Generated_Code/PE_LDD.o
 .debug_abbrev  0x000008de       0xa4 ./Generated_Code/Vectors.o

.debug_aranges  0x00000000      0x200
 .debug_aranges
                0x00000000       0x20 ./Sources/Events.o
 .debug_aranges
                0x00000020       0x20 ./Sources/main.o
 .debug_aranges
                0x00000040       0x50 ./Project_Settings/Startup_Code/startup.o
 .debug_aranges
                0x00000090       0x40 ./Generated_Code/BitIoLdd1.o
 .debug_aranges
                0x000000d0       0x40 ./Generated_Code/BitIoLdd2.o
 .debug_aranges
                0x00000110       0x40 ./Generated_Code/BitIoLdd3.o
 .debug_aranges
                0x00000150       0x28 ./Generated_Code/BitIoLdd4.o
 .debug_aranges
                0x00000178       0x40 ./Generated_Code/Cpu.o
 .debug_aranges
                0x000001b8       0x30 ./Generated_Code/PE_LDD.o
 .debug_aranges
                0x000001e8       0x18 ./Generated_Code/Vectors.o

.debug_ranges   0x00000000      0x158
 .debug_ranges  0x00000000       0x10 ./Sources/Events.o
 .debug_ranges  0x00000010       0x10 ./Sources/main.o
 .debug_ranges  0x00000020       0x40 ./Project_Settings/Startup_Code/startup.o
 .debug_ranges  0x00000060       0x30 ./Generated_Code/BitIoLdd1.o
 .debug_ranges  0x00000090       0x30 ./Generated_Code/BitIoLdd2.o
 .debug_ranges  0x000000c0       0x30 ./Generated_Code/BitIoLdd3.o
 .debug_ranges  0x000000f0       0x18 ./Generated_Code/BitIoLdd4.o
 .debug_ranges  0x00000108       0x30 ./Generated_Code/Cpu.o
 .debug_ranges  0x00000138       0x20 ./Generated_Code/PE_LDD.o

.debug_macro    0x00000000    0x172ef
 .debug_macro   0x00000000      0x132 ./Sources/Events.o
 .debug_macro   0x00000132      0x84a ./Sources/Events.o
 .debug_macro   0x0000097c       0x16 ./Sources/Events.o
 .debug_macro   0x00000992       0x44 ./Sources/Events.o
 .debug_macro   0x000009d6      0x209 ./Sources/Events.o
 .debug_macro   0x00000bdf     0x1672 ./Sources/Events.o
 .debug_macro   0x00002251      0x14e ./Sources/Events.o
 .debug_macro   0x0000239f       0x6a ./Sources/Events.o
 .debug_macro   0x00002409     0x9b9f ./Sources/Events.o
 .debug_macro   0x0000bfa8       0x94 ./Sources/Events.o
 .debug_macro   0x0000c03c       0x94 ./Sources/Events.o
 .debug_macro   0x0000c0d0      0x12c ./Sources/Events.o
 .debug_macro   0x0000c1fc       0x40 ./Sources/Events.o
 .debug_macro   0x0000c23c       0x1f ./Sources/Events.o
 .debug_macro   0x0000c25b       0x46 ./Sources/Events.o
 .debug_macro   0x0000c2a1       0x1f ./Sources/Events.o
 .debug_macro   0x0000c2c0       0x46 ./Sources/Events.o
 .debug_macro   0x0000c306       0x1f ./Sources/Events.o
 .debug_macro   0x0000c325       0x34 ./Sources/Events.o
 .debug_macro   0x0000c359      0x132 ./Sources/main.o
 .debug_macro   0x0000c48b      0x121 ./Project_Settings/Startup_Code/startup.o
 .debug_macro   0x0000c5ac       0x58 ./Project_Settings/Startup_Code/startup.o
 .debug_macro   0x0000c604       0x35 ./Project_Settings/Startup_Code/startup.o
 .debug_macro   0x0000c639       0xa3 ./Project_Settings/Startup_Code/startup.o
 .debug_macro   0x0000c6dc      0x166 ./Project_Settings/Startup_Code/startup.o
 .debug_macro   0x0000c842       0x4a ./Project_Settings/Startup_Code/startup.o
 .debug_macro   0x0000c88c       0x52 ./Project_Settings/Startup_Code/startup.o
 .debug_macro   0x0000c8de       0x16 ./Project_Settings/Startup_Code/startup.o
 .debug_macro   0x0000c8f4       0x43 ./Project_Settings/Startup_Code/startup.o
 .debug_macro   0x0000c937      0x180 ./Project_Settings/Startup_Code/startup.o
 .debug_macro   0x0000cab7      0x2a6 ./Project_Settings/Startup_Code/startup.o
 .debug_macro   0x0000cd5d       0x10 ./Project_Settings/Startup_Code/startup.o
 .debug_macro   0x0000cd6d       0x35 ./Project_Settings/Startup_Code/startup.o
 .debug_macro   0x0000cda2       0x16 ./Project_Settings/Startup_Code/startup.o
 .debug_macro   0x0000cdb8       0x22 ./Project_Settings/Startup_Code/startup.o
 .debug_macro   0x0000cdda       0x10 ./Project_Settings/Startup_Code/startup.o
 .debug_macro   0x0000cdea      0x20f ./Project_Settings/Startup_Code/startup.o
 .debug_macro   0x0000cff9     0x9b93 ./Project_Settings/Startup_Code/startup.o
 .debug_macro   0x00016b8c       0xa6 ./Generated_Code/BitIoLdd1.o
 .debug_macro   0x00016c32       0x9a ./Generated_Code/BitIoLdd1.o
 .debug_macro   0x00016ccc       0xa6 ./Generated_Code/BitIoLdd2.o
 .debug_macro   0x00016d72       0x40 ./Generated_Code/BitIoLdd2.o
 .debug_macro   0x00016db2       0xa6 ./Generated_Code/BitIoLdd3.o
 .debug_macro   0x00016e58       0x40 ./Generated_Code/BitIoLdd3.o
 .debug_macro   0x00016e98       0xa6 ./Generated_Code/BitIoLdd4.o
 .debug_macro   0x00016f3e       0x2e ./Generated_Code/BitIoLdd4.o
 .debug_macro   0x00016f6c      0x13d ./Generated_Code/Cpu.o
 .debug_macro   0x000170a9      0x108 ./Generated_Code/PE_LDD.o
 .debug_macro   0x000171b1      0x13e ./Generated_Code/Vectors.o

.debug_line     0x00000000     0x2511
 .debug_line    0x00000000      0x3a0 ./Sources/Events.o
 .debug_line    0x000003a0      0x3a5 ./Sources/main.o
 .debug_line    0x00000745      0x439 ./Project_Settings/Startup_Code/startup.o
 .debug_line    0x00000b7e      0x329 ./Generated_Code/BitIoLdd1.o
 .debug_line    0x00000ea7      0x329 ./Generated_Code/BitIoLdd2.o
 .debug_line    0x000011d0      0x329 ./Generated_Code/BitIoLdd3.o
 .debug_line    0x000014f9      0x2f0 ./Generated_Code/BitIoLdd4.o
 .debug_line    0x000017e9      0x523 ./Generated_Code/Cpu.o
 .debug_line    0x00001d0c      0x367 ./Generated_Code/PE_LDD.o
 .debug_line    0x00002073      0x49e ./Generated_Code/Vectors.o

.debug_str      0x00000000    0x43170
 .debug_str     0x00000000    0x40311 ./Sources/Events.o
                              0x4045b (size before relaxing)
 .debug_str     0x00040311       0x17 ./Sources/main.o
                              0x40451 (size before relaxing)
 .debug_str     0x00040328     0x25f6 ./Project_Settings/Startup_Code/startup.o
                              0x3a20d (size before relaxing)
 .debug_str     0x0004291e      0x1bd ./Generated_Code/BitIoLdd1.o
                              0x3fe42 (size before relaxing)
 .debug_str     0x00042adb       0xa0 ./Generated_Code/BitIoLdd2.o
                              0x3fe42 (size before relaxing)
 .debug_str     0x00042b7b       0xa0 ./Generated_Code/BitIoLdd3.o
                              0x3fe42 (size before relaxing)
 .debug_str     0x00042c1b       0x6d ./Generated_Code/BitIoLdd4.o
                              0x3fdac (size before relaxing)
 .debug_str     0x00042c88      0x34e ./Generated_Code/Cpu.o
                              0x40818 (size before relaxing)
 .debug_str     0x00042fd6      0x17e ./Generated_Code/PE_LDD.o
                              0x40610 (size before relaxing)
 .debug_str     0x00043154       0x1c ./Generated_Code/Vectors.o
                              0x404a3 (size before relaxing)

.comment        0x00000000       0x70
 .comment       0x00000000       0x70 ./Sources/Events.o
                                 0x71 (size before relaxing)
 .comment       0x00000000       0x71 ./Sources/main.o
 .comment       0x00000000       0x71 ./Project_Settings/Startup_Code/startup.o
 .comment       0x00000000       0x71 ./Generated_Code/BitIoLdd1.o
 .comment       0x00000000       0x71 ./Generated_Code/BitIoLdd2.o
 .comment       0x00000000       0x71 ./Generated_Code/BitIoLdd3.o
 .comment       0x00000000       0x71 ./Generated_Code/BitIoLdd4.o
 .comment       0x00000000       0x71 ./Generated_Code/Cpu.o
 .comment       0x00000000       0x71 ./Generated_Code/PE_LDD.o
 .comment       0x00000000       0x71 ./Generated_Code/Vectors.o

.debug_frame    0x00000000      0x4cc
 .debug_frame   0x00000000       0x28 ./Sources/Events.o
 .debug_frame   0x00000028       0x2c ./Sources/main.o
 .debug_frame   0x00000054       0xc0 ./Project_Settings/Startup_Code/startup.o
 .debug_frame   0x00000114       0x9c ./Generated_Code/BitIoLdd1.o
 .debug_frame   0x000001b0       0x9c ./Generated_Code/BitIoLdd2.o
 .debug_frame   0x0000024c       0x9c ./Generated_Code/BitIoLdd3.o
 .debug_frame   0x000002e8       0x48 ./Generated_Code/BitIoLdd4.o
 .debug_frame   0x00000330       0xa4 ./Generated_Code/Cpu.o
 .debug_frame   0x000003d4       0x64 ./Generated_Code/PE_LDD.o
 .debug_frame   0x00000438       0x28 c:/freescale/kds_v3/toolchain/bin/../lib/gcc/arm-none-eabi/4.8.4/../../../../arm-none-eabi/lib/armv7e-m\libg_s.a(lib_a-exit.o)
 .debug_frame   0x00000460       0x2c c:/freescale/kds_v3/toolchain/bin/../lib/gcc/arm-none-eabi/4.8.4/../../../../arm-none-eabi/lib/armv7e-m\libg_s.a(lib_a-init.o)
 .debug_frame   0x0000048c       0x20 c:/freescale/kds_v3/toolchain/bin/../lib/gcc/arm-none-eabi/4.8.4/../../../../arm-none-eabi/lib/armv7e-m\libg_s.a(lib_a-memset.o)
 .debug_frame   0x000004ac       0x20 c:/freescale/kds_v3/toolchain/bin/../lib/gcc/arm-none-eabi/4.8.4/../../../../arm-none-eabi/lib/armv7e-m\libnosys.a(_exit.o)
